// Jest Snapshot v1, https://goo.gl/fbAQLP

exports[`todo 1`] = `
<div>
  Testing
</div>
`;
